[*] Kessel Indexer: Scanning .
INDEXED: .git/COMMIT_EDITMSG [c0733610d7952375e50c73dbdc504a8e8f1843c1d5ff4c0cdcc9f3c90a8ae1e0]
INDEXED: .git/HEAD [28d25bf82af4c0e2b72f50959b2beb859e3e60b9630a5e8c603dad4ddb2b6e80]
INDEXED: .git/config [0b4fe921edee17c95a4109a2003011a17bad3bfd1b11cdecfa1884faddba008d]
INDEXED: .git/description [85ab6c163d43a17ea9cf7788308bca1466f1b0a8d1cc92e26e9bf63da4062aee]
INDEXED: .git/hooks/applypatch-msg.sample [94f95b4ce4df0e89b8e267ec1634d9187c71802b78029833fdce4045aa6f08a5]
INDEXED: .git/hooks/commit-msg.sample [b15d4a0a2e3362aafd28ff178cb5b7ec7a6e64ac29c50209b99458819b6d0cba]
INDEXED: .git/hooks/fsmonitor-watchman.sample [a290aca891c7e3729750c56f8d049e554894bc96d240072230e61c756ea3f7e4]
INDEXED: .git/hooks/post-update.sample [f8a8e865862e210edfc56488db28ac0386f6f8f9ad08260d15ce26ffa9de89a5]
INDEXED: .git/hooks/pre-applypatch.sample [e57b877b3902f9d1aede7779c0f84a410fd93cf0e04bddb351503829ddf08840]
INDEXED: .git/hooks/pre-commit.sample [964431168c0016a3c95a162b33521d34d980926b0e482184dfc599af49b5bfd6]
INDEXED: .git/hooks/pre-merge-commit.sample [5efbacab709d11ca887672440664e782d4e11f021879f415b68dfeadeae4624e]
INDEXED: .git/hooks/pre-push.sample [74b00ff982a9de10b548a36682161f01eb40ad8263bbb4cebf5bfcf03ec756ea]
INDEXED: .git/hooks/pre-rebase.sample [3ff0475974e08ce6d85658b20684f59fd36b02c44f8565fca85785f9aabc0e4f]
INDEXED: .git/hooks/pre-receive.sample [bf8f6d6f740288cd6553dc2a236e97ee914cacf63c874982756c4cdb23f93bc4]
INDEXED: .git/hooks/prepare-commit-msg.sample [6920f3f24cd33d57f24c1a5489f2af247c49dc978e96a885e018f867992ae7f8]
INDEXED: .git/hooks/push-to-checkout.sample [8ff7cb671a9324bd72006d7b1517cc01b798610a59cdaa93ccdc436238f6e881]
INDEXED: .git/hooks/sendemail-validate.sample [fd1f34006ffad4ab58df6386e8245cdcadb8f5cc3056256a61033246e89320c3]
INDEXED: .git/hooks/update.sample [af1135f0b538e9f877b21b852f61b17f2cf3661df42b8831bd3b598fdc5f2127]
INDEXED: .git/index [392381822ae70c73f48aaedda29479d85b94c8a950148a4f99e635f6fb012bc5]
INDEXED: .git/info/exclude [6671fe83b7a07c8932ee89164d1f2793b2318058eb8b98dc5c06ee0a5a3b0ec1]
INDEXED: .git/logs/HEAD [95b7b72a6e757d40a16c063e28d324c19a94273b6fe379825924cf4f9a3f97e5]
INDEXED: .git/logs/refs/heads/main [95b7b72a6e757d40a16c063e28d324c19a94273b6fe379825924cf4f9a3f97e5]
INDEXED: .git/objects/04/e34c43beaa02944bf87069bd87569900c6de1f [b0be19ebc9ebd148c8c7578554d395d21fcea16afb47b259d77e3ae03ab59105]
INDEXED: .git/objects/19/4cee65e9decea917550efb6c13fa54d7b391ee [b4a6333f5b603d7cf13f1d5d2ac14bfc52e2d5f6f9b4dab826f0b266d8ed574a]
INDEXED: .git/objects/4d/8d7514b0fd765d23e95105b9ffd50429abe64f [0972e18de96e823c0e206710207717651ce65605aac97ea3638f665adeed225c]
INDEXED: .git/objects/9f/acb04268cc9b48882b20745e502cd186098ab6 [cad53aff9defe67f8aae9934e1e67645fb0d021f177501f7f147bad72722575d]
INDEXED: .git/objects/bd/b77cfcea2501c304cf1610aeddaea19cc2922f [c2880a2374689deb00db01c3280c5c071cd16869f51d04fe954a3b2f6e53e5f5]
INDEXED: .git/objects/be/32dbdc4c50e8b6bb7f98c0314fb5770f8977d9 [971e52377c60682582df6a5b2c12bd47ac2d5da1e206143b623963db5d51e09c]
INDEXED: .git/objects/e6/9de29bb2d1d6434b8b29ae775ad8c2e48c5391 [164c5fa8067facf1a43f09ce3d0e35ebf53a7f5723ecbf15a8667cfc53c26f6c]
INDEXED: .git/refs/heads/main [896b611c755ca3607be75737467b9f6edd501cb9579d5e96c68a2b5aefea01cc]
CRITICAL: Sensitive file found: auth_credentials.env [e3b0c44298fc1c149afbf4c8996fb92427ae41e4649b934ca495991b7852b855]
CRITICAL: Sensitive file found: forensic_test.key [e3b0c44298fc1c149afbf4c8996fb92427ae41e4649b934ca495991b7852b855]
INDEXED: logs/session.log [b7872e6d557e583894833b904ae3275c7bc23b9acdde35126854a4ab655727b9]
INDEXED: tasks/lessons.md [e3b0c44298fc1c149afbf4c8996fb92427ae41e4649b934ca495991b7852b855]
INDEXED: tasks/todo.md [3ba39bd351201461ec414cd4a055e9143a715ed9aac4c1dbd79289c56fbee882]
